Archive member included to satisfy reference by file (symbol)

/Applications/STM32CubeIDE.app/Contents/Eclipse/plugins/com.st.stm32cube.ide.mcu.externaltools.gnu-tools-for-stm32.12.3.rel1.macos64_1.0.100.202403111906/tools/bin/../lib/gcc/arm-none-eabi/12.3.1/../../../../arm-none-eabi/lib/thumb/v7e-m+fp/hard/libc_nano.a(libc_a-exit.o)
                              /Applications/STM32CubeIDE.app/Contents/Eclipse/plugins/com.st.stm32cube.ide.mcu.externaltools.gnu-tools-for-stm32.12.3.rel1.macos64_1.0.100.202403111906/tools/bin/../lib/gcc/arm-none-eabi/12.3.1/../../../../arm-none-eabi/lib/thumb/v7e-m+fp/hard/crt0.o (exit)
/Applications/STM32CubeIDE.app/Contents/Eclipse/plugins/com.st.stm32cube.ide.mcu.externaltools.gnu-tools-for-stm32.12.3.rel1.macos64_1.0.100.202403111906/tools/bin/../lib/gcc/arm-none-eabi/12.3.1/../../../../arm-none-eabi/lib/thumb/v7e-m+fp/hard/libc_nano.a(libc_a-findfp.o)
                              /Applications/STM32CubeIDE.app/Contents/Eclipse/plugins/com.st.stm32cube.ide.mcu.externaltools.gnu-tools-for-stm32.12.3.rel1.macos64_1.0.100.202403111906/tools/bin/../lib/gcc/arm-none-eabi/12.3.1/../../../../arm-none-eabi/lib/thumb/v7e-m+fp/hard/libc_nano.a(libc_a-exit.o) (__stdio_exit_handler)
/Applications/STM32CubeIDE.app/Contents/Eclipse/plugins/com.st.stm32cube.ide.mcu.externaltools.gnu-tools-for-stm32.12.3.rel1.macos64_1.0.100.202403111906/tools/bin/../lib/gcc/arm-none-eabi/12.3.1/../../../../arm-none-eabi/lib/thumb/v7e-m+fp/hard/libc_nano.a(libc_a-fwalk.o)
                              /Applications/STM32CubeIDE.app/Contents/Eclipse/plugins/com.st.stm32cube.ide.mcu.externaltools.gnu-tools-for-stm32.12.3.rel1.macos64_1.0.100.202403111906/tools/bin/../lib/gcc/arm-none-eabi/12.3.1/../../../../arm-none-eabi/lib/thumb/v7e-m+fp/hard/libc_nano.a(libc_a-findfp.o) (_fwalk_sglue)
/Applications/STM32CubeIDE.app/Contents/Eclipse/plugins/com.st.stm32cube.ide.mcu.externaltools.gnu-tools-for-stm32.12.3.rel1.macos64_1.0.100.202403111906/tools/bin/../lib/gcc/arm-none-eabi/12.3.1/../../../../arm-none-eabi/lib/thumb/v7e-m+fp/hard/libc_nano.a(libc_a-memset.o)
                              /Applications/STM32CubeIDE.app/Contents/Eclipse/plugins/com.st.stm32cube.ide.mcu.externaltools.gnu-tools-for-stm32.12.3.rel1.macos64_1.0.100.202403111906/tools/bin/../lib/gcc/arm-none-eabi/12.3.1/../../../../arm-none-eabi/lib/thumb/v7e-m+fp/hard/crt0.o (memset)
/Applications/STM32CubeIDE.app/Contents/Eclipse/plugins/com.st.stm32cube.ide.mcu.externaltools.gnu-tools-for-stm32.12.3.rel1.macos64_1.0.100.202403111906/tools/bin/../lib/gcc/arm-none-eabi/12.3.1/../../../../arm-none-eabi/lib/thumb/v7e-m+fp/hard/libc_nano.a(libc_a-impure.o)
                              /Applications/STM32CubeIDE.app/Contents/Eclipse/plugins/com.st.stm32cube.ide.mcu.externaltools.gnu-tools-for-stm32.12.3.rel1.macos64_1.0.100.202403111906/tools/bin/../lib/gcc/arm-none-eabi/12.3.1/../../../../arm-none-eabi/lib/thumb/v7e-m+fp/hard/libc_nano.a(libc_a-findfp.o) (_impure_data)
/Applications/STM32CubeIDE.app/Contents/Eclipse/plugins/com.st.stm32cube.ide.mcu.externaltools.gnu-tools-for-stm32.12.3.rel1.macos64_1.0.100.202403111906/tools/bin/../lib/gcc/arm-none-eabi/12.3.1/../../../../arm-none-eabi/lib/thumb/v7e-m+fp/hard/libc_nano.a(libc_a-errno.o)
                              ./Core/Src/syscalls.o (__errno)
/Applications/STM32CubeIDE.app/Contents/Eclipse/plugins/com.st.stm32cube.ide.mcu.externaltools.gnu-tools-for-stm32.12.3.rel1.macos64_1.0.100.202403111906/tools/bin/../lib/gcc/arm-none-eabi/12.3.1/../../../../arm-none-eabi/lib/thumb/v7e-m+fp/hard/libc_nano.a(libc_a-init.o)
                              /Applications/STM32CubeIDE.app/Contents/Eclipse/plugins/com.st.stm32cube.ide.mcu.externaltools.gnu-tools-for-stm32.12.3.rel1.macos64_1.0.100.202403111906/tools/bin/../lib/gcc/arm-none-eabi/12.3.1/../../../../arm-none-eabi/lib/thumb/v7e-m+fp/hard/crt0.o (__libc_init_array)
/Applications/STM32CubeIDE.app/Contents/Eclipse/plugins/com.st.stm32cube.ide.mcu.externaltools.gnu-tools-for-stm32.12.3.rel1.macos64_1.0.100.202403111906/tools/bin/../lib/gcc/arm-none-eabi/12.3.1/../../../../arm-none-eabi/lib/thumb/v7e-m+fp/hard/libc_nano.a(libc_a-lock.o)
                              /Applications/STM32CubeIDE.app/Contents/Eclipse/plugins/com.st.stm32cube.ide.mcu.externaltools.gnu-tools-for-stm32.12.3.rel1.macos64_1.0.100.202403111906/tools/bin/../lib/gcc/arm-none-eabi/12.3.1/../../../../arm-none-eabi/lib/thumb/v7e-m+fp/hard/libc_nano.a(libc_a-findfp.o) (__retarget_lock_init_recursive)
/Applications/STM32CubeIDE.app/Contents/Eclipse/plugins/com.st.stm32cube.ide.mcu.externaltools.gnu-tools-for-stm32.12.3.rel1.macos64_1.0.100.202403111906/tools/bin/../lib/gcc/arm-none-eabi/12.3.1/../../../../arm-none-eabi/lib/thumb/v7e-m+fp/hard/libc_nano.a(libc_a-mallocr.o)
[...]
Memory Configuration

Name             Origin             Length             Attributes
CCMRAM           0x10000000         0x00001000         xrw
RAM              0x20000000         0x00003000         xrw
FLASH            0x08000000         0x00010000         xr
*default*        0x00000000         0xffffffff

Linker script and memory map

LOAD /Applications/STM32CubeIDE.app/Contents/Eclipse/plugins/com.st.stm32cube.ide.mcu.externaltools.gnu-tools-for-stm32.12.3.rel1.macos64_1.0.100.202403111906/tools/bin/../lib/gcc/arm-none-eabi/12.3.1/thumb/v7e-m+fp/hard/crti.o
LOAD /Applications/STM32CubeIDE.app/Contents/Eclipse/plugins/com.st.stm32cube.ide.mcu.externaltools.gnu-tools-for-stm32.12.3.rel1.macos64_1.0.100.202403111906/tools/bin/../lib/gcc/arm-none-eabi/12.3.1/thumb/v7e-m+fp/hard/crtbegin.o
LOAD /Applications/STM32CubeIDE.app/Contents/Eclipse/plugins/com.st.stm32cube.ide.mcu.externaltools.gnu-tools-for-stm32.12.3.rel1.macos64_1.0.100.202403111906/tools/bin/../lib/gcc/arm-none-eabi/12.3.1/../../../../arm-none-eabi/lib/thumb/v7e-m+fp/hard/crt0.o
LOAD ./Core/Src/led.o
LOAD ./Core/Src/main.o
LOAD ./Core/Src/stm32f3xx_hal_msp.o
LOAD ./Core/Src/stm32f3xx_it.o
LOAD ./Core/Src/syscalls.o
LOAD ./Core/Src/sysmem.o
LOAD ./Core/Src/system_stm32f3xx.o
LOAD ./Core/Startup/startup_stm32f303k8tx.o
LOAD ./Drivers/STM32F3xx_HAL_Driver/Src/stm32f3xx_hal.o
LOAD ./Drivers/STM32F3xx_HAL_Driver/Src/stm32f3xx_hal_cortex.o
LOAD ./Drivers/STM32F3xx_HAL_Driver/Src/stm32f3xx_hal_dma.o
LOAD ./Drivers/STM32F3xx_HAL_Driver/Src/stm32f3xx_hal_exti.o
LOAD ./Drivers/STM32F3xx_HAL_Driver/Src/stm32f3xx_hal_flash.o
LOAD ./Drivers/STM32F3xx_HAL_Driver/Src/stm32f3xx_hal_flash_ex.o
LOAD ./Drivers/STM32F3xx_HAL_Driver/Src/stm32f3xx_hal_gpio.o
LOAD ./Drivers/STM32F3xx_HAL_Driver/Src/stm32f3xx_hal_i2c.o
LOAD ./Drivers/STM32F3xx_HAL_Driver/Src/stm32f3xx_hal_i2c_ex.o
LOAD ./Drivers/STM32F3xx_HAL_Driver/Src/stm32f3xx_hal_pwr.o
LOAD ./Drivers/STM32F3xx_HAL_Driver/Src/stm32f3xx_hal_pwr_ex.o
LOAD ./Drivers/STM32F3xx_HAL_Driver/Src/stm32f3xx_hal_rcc.o
LOAD ./Drivers/STM32F3xx_HAL_Driver/Src/stm32f3xx_hal_rcc_ex.o
LOAD ./Drivers/STM32F3xx_HAL_Driver/Src/stm32f3xx_hal_tim.o
LOAD ./Drivers/STM32F3xx_HAL_Driver/Src/stm32f3xx_hal_tim_ex.o
LOAD ./Drivers/STM32F3xx_HAL_Driver/Src/stm32f3xx_hal_uart.o
LOAD ./Drivers/STM32F3xx_HAL_Driver/Src/stm32f3xx_hal_uart_ex.o
START GROUP
LOAD /Applications/STM32CubeIDE.app/Contents/Eclipse/plugins/com.st.stm32cube.ide.mcu.externaltools.gnu-tools-for-stm32.12.3.rel1.macos64_1.0.100.202403111906/tools/bin/../lib/gcc/arm-none-eabi/12.3.1/../../../../arm-none-eabi/lib/thumb/v7e-m+fp/hard/libc_nano.a
LOAD /Applications/STM32CubeIDE.app/Contents/Eclipse/plugins/com.st.stm32cube.ide.mcu.externaltools.gnu-tools-for-stm32.12.3.rel1.macos64_1.0.100.202403111906/tools/bin/../lib/gcc/arm-none-eabi/12.3.1/../../../../arm-none-eabi/lib/thumb/v7e-m+fp/hard/libm.a
END GROUP
START GROUP
LOAD /Applications/STM32CubeIDE.app/Contents/Eclipse/plugins/com.st.stm32cube.ide.mcu.externaltools.gnu-tools-for-stm32.12.3.rel1.macos64_1.0.100.202403111906/tools/bin/../lib/gcc/arm-none-eabi/12.3.1/thumb/v7e-m+fp/hard/libgcc.a
LOAD /Applications/STM32CubeIDE.app/Contents/Eclipse/plugins/com.st.stm32cube.ide.mcu.externaltools.gnu-tools-for-stm32.12.3.rel1.macos64_1.0.100.202403111906/tools/bin/../lib/gcc/arm-none-eabi/12.3.1/../../../../arm-none-eabi/lib/thumb/v7e-m+fp/hard/libc_nano.a
END GROUP
START GROUP
LOAD /Applications/STM32CubeIDE.app/Contents/Eclipse/plugins/com.st.stm32cube.ide.mcu.externaltools.gnu-tools-for-stm32.12.3.rel1.macos64_1.0.100.202403111906/tools/bin/../lib/gcc/arm-none-eabi/12.3.1/thumb/v7e-m+fp/hard/libgcc.a
LOAD /Applications/STM32CubeIDE.app/Contents/Eclipse/plugins/com.st.stm32cube.ide.mcu.externaltools.gnu-tools-for-stm32.12.3.rel1.macos64_1.0.100.202403111906/tools/bin/../lib/gcc/arm-none-eabi/12.3.1/../../../../arm-none-eabi/lib/thumb/v7e-m+fp/hard/libc_nano.a
LOAD /Applications/STM32CubeIDE.app/Contents/Eclipse/plugins/com.st.stm32cube.ide.mcu.externaltools.gnu-tools-for-stm32.12.3.rel1.macos64_1.0.100.202403111906/tools/bin/../lib/gcc/arm-none-eabi/12.3.1/../../../../arm-none-eabi/lib/thumb/v7e-m+fp/hard/libnosys.a
END GROUP
START GROUP
LOAD /Applications/STM32CubeIDE.app/Contents/Eclipse/plugins/com.st.stm32cube.ide.mcu.externaltools.gnu-tools-for-stm32.12.3.rel1.macos64_1.0.100.202403111906/tools/bin/../lib/gcc/arm-none-eabi/12.3.1/thumb/v7e-m+fp/hard/libgcc.a
LOAD /Applications/STM32CubeIDE.app/Contents/Eclipse/plugins/com.st.stm32cube.ide.mcu.externaltools.gnu-tools-for-stm32.12.3.rel1.macos64_1.0.100.202403111906/tools/bin/../lib/gcc/arm-none-eabi/12.3.1/../../../../arm-none-eabi/lib/thumb/v7e-m+fp/hard/libc_nano.a
LOAD /Applications/STM32CubeIDE.app/Contents/Eclipse/plugins/com.st.stm32cube.ide.mcu.externaltools.gnu-tools-for-stm32.12.3.rel1.macos64_1.0.100.202403111906/tools/bin/../lib/gcc/arm-none-eabi/12.3.1/../../../../arm-none-eabi/lib/thumb/v7e-m+fp/hard/libnosys.a
END GROUP
LOAD /Applications/STM32CubeIDE.app/Contents/Eclipse/plugins/com.st.stm32cube.ide.mcu.externaltools.gnu-tools-for-stm32.12.3.rel1.macos64_1.0.100.202403111906/tools/bin/../lib/gcc/arm-none-eabi/12.3.1/thumb/v7e-m+fp/hard/crtend.o
LOAD /Applications/STM32CubeIDE.app/Contents/Eclipse/plugins/com.st.stm32cube.ide.mcu.externaltools.gnu-tools-for-stm32.12.3.rel1.macos64_1.0.100.202403111906/tools/bin/../lib/gcc/arm-none-eabi/12.3.1/thumb/v7e-m+fp/hard/crtn.o
                0x20003000                        _estack = (ORIGIN (RAM) + LENGTH (RAM))
                0x00000200                        _Min_Heap_Size = 0x200
                0x00000400                        _Min_Stack_Size = 0x400

.isr_vector     0x08000000      0x188
                0x08000000                        . = ALIGN (0x4)
 *(.isr_vector)
 .isr_vector    0x08000000      0x188 ./Core/Startup/startup_stm32f303k8tx.o
                0x08000000                g_pfnVectors
                0x08000188                        . = ALIGN (0x4)

.text           0x08000188     0x4140
                0x08000188                        . = ALIGN (0x4)
 *(.text)
 .text          0x08000188       0x40 /Applications/STM32CubeIDE.app/Contents/Eclipse/plugins/com.st.stm32cube.ide.mcu.externaltools.gnu-tools-for-stm32.12.3.rel1.macos64_1.0.100.202403111906/tools/bin/../lib/gcc/arm-none-eabi/12.3.1/thumb/v7e-m+fp/hard/crtbegin.o
 *(.text*)
 .text.check_color_bounds
                0x080001c8       0x72 ./Core/Src/led.o
                0x080001c8                check_color_bounds
 *fill*         0x0800023a        0x2 
 .text.send_data
                0x0800023c       0xd4 ./Core/Src/led.o
                0x0800023c                send_data
 .text.change_color
                0x08000310       0xce ./Core/Src/led.o
                0x08000310                change_color
 *fill*         0x080003de        0x2 
 .text.main     0x080003e0       0x48 ./Core/Src/main.o
                0x080003e0                main
 .text.SystemClock_Config
                0x08000428       0x82 ./Core/Src/main.o
                0x08000428                SystemClock_Config
 *fill*         0x080004aa        0x2 
 .text.MX_TIM3_Init
                0x080004ac       0xec ./Core/Src/main.o
 .text.MX_USART2_UART_Init
                0x08000598       0x60 ./Core/Src/main.o
 .text.MX_DMA_Init
                0x080005f8       0x3c ./Core/Src/main.o
 .text.MX_GPIO_Init
                0x08000634       0x48 ./Core/Src/main.o
 .text.Error_Handler
                0x0800067c        0xc ./Core/Src/main.o
                0x0800067c                Error_Handler
 .text.HAL_MspInit
                0x08000688       0x48 ./Core/Src/stm32f3xx_hal_msp.o
                0x08000688                HAL_MspInit
 .text.HAL_TIM_Base_MspInit
                0x080006d0       0xa0 ./Core/Src/stm32f3xx_hal_msp.o
                0x080006d0                HAL_TIM_Base_MspInit
 .text.HAL_TIM_MspPostInit
                0x08000770       0x6c ./Core/Src/stm32f3xx_hal_msp.o
                0x08000770                HAL_TIM_MspPostInit
 .text.HAL_UART_MspInit
                0x080007dc       0x88 ./Core/Src/stm32f3xx_hal_msp.o
                0x080007dc                HAL_UART_MspInit
 .text.NMI_Handler
                0x08000864        0x8 ./Core/Src/stm32f3xx_it.o
                0x08000864                NMI_Handler
 .text.HardFault_Handler
                0x0800086c        0x8 ./Core/Src/stm32f3xx_it.o
                0x0800086c                HardFault_Handler
 .text.MemManage_Handler
                0x08000874        0x8 ./Core/Src/stm32f3xx_it.o
                0x08000874                MemManage_Handler
 .text.BusFault_Handler
                0x0800087c        0x8 ./Core/Src/stm32f3xx_it.o
                0x0800087c                BusFault_Handler
 .text.UsageFault_Handler
                0x08000884        0x8 ./Core/Src/stm32f3xx_it.o
                0x08000884                UsageFault_Handler
 .text.SVC_Handler
                0x0800088c        0xe ./Core/Src/stm32f3xx_it.o
                0x0800088c                SVC_Handler
 .text.DebugMon_Handler
                0x0800089a        0xe ./Core/Src/stm32f3xx_it.o
                0x0800089a                DebugMon_Handler
 .text.PendSV_Handler
                0x080008a8        0xe ./Core/Src/stm32f3xx_it.o
                0x080008a8                PendSV_Handler
 .text.SysTick_Handler
                0x080008b6        0xc ./Core/Src/stm32f3xx_it.o
                0x080008b6                SysTick_Handler
 *fill*         0x080008c2        0x2 
 .text.DMA1_Channel6_IRQHandler
                0x080008c4       0x14 ./Core/Src/stm32f3xx_it.o
                0x080008c4                DMA1_Channel6_IRQHandler
 .text.SystemInit
                0x080008d8       0x24 ./Core/Src/system_stm32f3xx.o
                0x080008d8                SystemInit
 .text.Reset_Handler
                0x080008fc       0x50 ./Core/Startup/startup_stm32f303k8tx.o
                0x080008fc                Reset_Handler
 .text.Default_Handler
                0x0800094c        0x2 ./Core/Startup/startup_stm32f303k8tx.o
                0x0800094c                TIM1_BRK_TIM15_IRQHandler
                0x0800094c                TIM1_CC_IRQHandler
                0x0800094c                PVD_IRQHandler
                0x0800094c                TAMP_STAMP_IRQHandler
                0x0800094c                EXTI3_IRQHandler
                0x0800094c                EXTI0_IRQHandler
                0x0800094c                FPU_IRQHandler
                0x0800094c                CAN_TX_IRQHandler
                0x0800094c                TIM1_UP_TIM16_IRQHandler
                0x0800094c                ADC1_2_IRQHandler
                0x0800094c                SPI1_IRQHandler
                0x0800094c                CAN_SCE_IRQHandler
                0x0800094c                DMA1_Channel4_IRQHandler
                0x0800094c                USART3_IRQHandler
                0x0800094c                DMA1_Channel7_IRQHandler
                0x0800094c                TIM7_DAC2_IRQHandler
                0x0800094c                CAN_RX1_IRQHandler
                0x0800094c                I2C1_EV_IRQHandler
                0x0800094c                TIM3_IRQHandler
                0x0800094c                RCC_IRQHandler
                0x0800094c                DMA1_Channel1_IRQHandler
                0x0800094c                Default_Handler
                0x0800094c                EXTI15_10_IRQHandler
                0x0800094c                COMP2_IRQHandler
                0x0800094c                TIM6_DAC1_IRQHandler
                0x0800094c                EXTI9_5_IRQHandler
                0x0800094c                RTC_WKUP_IRQHandler
                0x0800094c                DMA1_Channel5_IRQHandler
                0x0800094c                EXTI4_IRQHandler
                0x0800094c                TIM1_TRG_COM_TIM17_IRQHandler
                0x0800094c                DMA1_Channel3_IRQHandler
                0x0800094c                WWDG_IRQHandler
                0x0800094c                TIM2_IRQHandler
                0x0800094c                EXTI1_IRQHandler
                0x0800094c                COMP4_6_IRQHandler
                0x0800094c                USART2_IRQHandler
                0x0800094c                DMA1_Channel2_IRQHandler
                0x0800094c                FLASH_IRQHandler
                0x0800094c                USART1_IRQHandler
                0x0800094c                CAN_RX0_IRQHandler
                0x0800094c                I2C1_ER_IRQHandler
                0x0800094c                EXTI2_TSC_IRQHandler
                0x0800094c                RTC_Alarm_IRQHandler
 *fill*         0x0800094e        0x2 
 .text.HAL_Init
                0x08000950       0x2c ./Drivers/STM32F3xx_HAL_Driver/Src/stm32f3xx_hal.o
                0x08000950                HAL_Init
 .text.HAL_InitTick
                0x0800097c       0x60 ./Drivers/STM32F3xx_HAL_Driver/Src/stm32f3xx_hal.o
                0x0800097c                HAL_InitTick
 .text.HAL_IncTick
                0x080009dc       0x28 ./Drivers/STM32F3xx_HAL_Driver/Src/stm32f3xx_hal.o
                0x080009dc                HAL_IncTick
 .text.HAL_GetTick
                0x08000a04       0x18 ./Drivers/STM32F3xx_HAL_Driver/Src/stm32f3xx_hal.o
                0x08000a04                HAL_GetTick
 .text.HAL_Delay
                0x08000a1c       0x48 ./Drivers/STM32F3xx_HAL_Driver/Src/stm32f3xx_hal.o
                0x08000a1c                HAL_Delay
 .text.__NVIC_SetPriorityGrouping
                0x08000a64       0x48 ./Drivers/STM32F3xx_HAL_Driver/Src/stm32f3xx_hal_cortex.o
 .text.__NVIC_GetPriorityGrouping
                0x08000aac       0x1c ./Drivers/STM32F3xx_HAL_Driver/Src/stm32f3xx_hal_cortex.o
 .text.__NVIC_EnableIRQ
                0x08000ac8       0x3c ./Drivers/STM32F3xx_HAL_Driver/Src/stm32f3xx_hal_cortex.o
 .text.__NVIC_SetPriority
                0x08000b04       0x54 ./Drivers/STM32F3xx_HAL_Driver/Src/stm32f3xx_hal_cortex.o
 .text.NVIC_EncodePriority
                0x08000b58       0x66 ./Drivers/STM32F3xx_HAL_Driver/Src/stm32f3xx_hal_cortex.o
 *fill*         0x08000bbe        0x2 
 .text.SysTick_Config
                0x08000bc0       0x44 ./Drivers/STM32F3xx_HAL_Driver/Src/stm32f3xx_hal_cortex.o
 .text.HAL_NVIC_SetPriorityGrouping
                0x08000c04       0x16 ./Drivers/STM32F3xx_HAL_Driver/Src/stm32f3xx_hal_cortex.o
                0x08000c04                HAL_NVIC_SetPriorityGrouping
 .text.HAL_NVIC_SetPriority
                0x08000c1a       0x38 ./Drivers/STM32F3xx_HAL_Driver/Src/stm32f3xx_hal_cortex.o
                0x08000c1a                HAL_NVIC_SetPriority
 .text.HAL_NVIC_EnableIRQ
                0x08000c52       0x1c ./Drivers/STM32F3xx_HAL_Driver/Src/stm32f3xx_hal_cortex.o
                0x08000c52                HAL_NVIC_EnableIRQ
 .text.HAL_SYSTICK_Config
                0x08000c6e       0x18 ./Drivers/STM32F3xx_HAL_Driver/Src/stm32f3xx_hal_cortex.o
                0x08000c6e                HAL_SYSTICK_Config
 .text.HAL_DMA_Init
                0x08000c86       0x8e ./Drivers/STM32F3xx_HAL_Driver/Src/stm32f3xx_hal_dma.o
                0x08000c86                HAL_DMA_Init
 .text.HAL_DMA_Start_IT
                0x08000d14       0xbe ./Drivers/STM32F3xx_HAL_Driver/Src/stm32f3xx_hal_dma.o
                0x08000d14                HAL_DMA_Start_IT
 .text.HAL_DMA_IRQHandler
                0x08000dd2      0x146 ./Drivers/STM32F3xx_HAL_Driver/Src/stm32f3xx_hal_dma.o
                0x08000dd2                HAL_DMA_IRQHandler
 .text.DMA_SetConfig
                0x08000f18       0x5c ./Drivers/STM32F3xx_HAL_Driver/Src/stm32f3xx_hal_dma.o
 .text.DMA_CalcBaseAndBitshift
                0x08000f74       0x40 ./Drivers/STM32F3xx_HAL_Driver/Src/stm32f3xx_hal_dma.o
 .text.HAL_GPIO_Init
                0x08000fb4      0x2e4 ./Drivers/STM32F3xx_HAL_Driver/Src/stm32f3xx_hal_gpio.o
                0x08000fb4                HAL_GPIO_Init
 .text.HAL_RCC_OscConfig
                0x08001298     0x107c ./Drivers/STM32F3xx_HAL_Driver/Src/stm32f3xx_hal_rcc.o
                0x08001298                HAL_RCC_OscConfig
 .text.HAL_RCC_ClockConfig
                0x08002314      0x2f8 ./Drivers/STM32F3xx_HAL_Driver/Src/stm32f3xx_hal_rcc.o
                0x08002314                HAL_RCC_ClockConfig
 .text.HAL_RCC_GetSysClockFreq
                0x0800260c       0xa8 ./Drivers/STM32F3xx_HAL_Driver/Src/stm32f3xx_hal_rcc.o
                0x0800260c                HAL_RCC_GetSysClockFreq
 .text.HAL_RCC_GetHCLKFreq
                0x080026b4       0x18 ./Drivers/STM32F3xx_HAL_Driver/Src/stm32f3xx_hal_rcc.o
                0x080026b4                HAL_RCC_GetHCLKFreq
 .text.HAL_RCC_GetPCLK1Freq
                0x080026cc       0x44 ./Drivers/STM32F3xx_HAL_Driver/Src/stm32f3xx_hal_rcc.o
                0x080026cc                HAL_RCC_GetPCLK1Freq
 .text.HAL_RCC_GetPCLK2Freq
                0x08002710       0x44 ./Drivers/STM32F3xx_HAL_Driver/Src/stm32f3xx_hal_rcc.o
                0x08002710                HAL_RCC_GetPCLK2Freq
 .text.HAL_TIM_Base_Init
                0x08002754       0xae ./Drivers/STM32F3xx_HAL_Driver/Src/stm32f3xx_hal_tim.o
                0x08002754                HAL_TIM_Base_Init
 .text.HAL_TIM_PWM_Init
                0x08002802       0xae ./Drivers/STM32F3xx_HAL_Driver/Src/stm32f3xx_hal_tim.o
                0x08002802                HAL_TIM_PWM_Init
 .text.HAL_TIM_PWM_MspInit
                0x080028b0       0x14 ./Drivers/STM32F3xx_HAL_Driver/Src/stm32f3xx_hal_tim.o
                0x080028b0                HAL_TIM_PWM_MspInit
 .text.HAL_TIM_PWM_Start_DMA
                0x080028c4      0x40c ./Drivers/STM32F3xx_HAL_Driver/Src/stm32f3xx_hal_tim.o
                0x080028c4                HAL_TIM_PWM_Start_DMA
 .text.HAL_TIM_PWM_ConfigChannel
                0x08002cd0      0x228 ./Drivers/STM32F3xx_HAL_Driver/Src/stm32f3xx_hal_tim.o
                0x08002cd0                HAL_TIM_PWM_ConfigChannel
 .text.HAL_TIM_ConfigClockSource
                0x08002ef8      0x192 ./Drivers/STM32F3xx_HAL_Driver/Src/stm32f3xx_hal_tim.o
                0x08002ef8                HAL_TIM_ConfigClockSource
 .text.HAL_TIM_PWM_PulseFinishedCallback
                0x0800308a       0x14 ./Drivers/STM32F3xx_HAL_Driver/Src/stm32f3xx_hal_tim.o
                0x0800308a                HAL_TIM_PWM_PulseFinishedCallback
 .text.HAL_TIM_PWM_PulseFinishedHalfCpltCallback
                0x0800309e       0x14 ./Drivers/STM32F3xx_HAL_Driver/Src/stm32f3xx_hal_tim.o
                0x0800309e                HAL_TIM_PWM_PulseFinishedHalfCpltCallback
 .text.HAL_TIM_ErrorCallback
                0x080030b2       0x14 ./Drivers/STM32F3xx_HAL_Driver/Src/stm32f3xx_hal_tim.o
                0x080030b2                HAL_TIM_ErrorCallback
 .text.TIM_DMAError
                0x080030c6       0x92 ./Drivers/STM32F3xx_HAL_Driver/Src/stm32f3xx_hal_tim.o
                0x080030c6                TIM_DMAError
 .text.TIM_DMADelayPulseCplt
                0x08003158       0xa8 ./Drivers/STM32F3xx_HAL_Driver/Src/stm32f3xx_hal_tim.o
 .text.TIM_DMADelayPulseHalfCplt
                0x08003200       0x68 ./Drivers/STM32F3xx_HAL_Driver/Src/stm32f3xx_hal_tim.o
                0x08003200                TIM_DMADelayPulseHalfCplt
 .text.TIM_Base_SetConfig
                0x08003268      0x108 ./Drivers/STM32F3xx_HAL_Driver/Src/stm32f3xx_hal_tim.o
                0x08003268                TIM_Base_SetConfig
 .text.TIM_OC1_SetConfig
                0x08003370      0x10c ./Drivers/STM32F3xx_HAL_Driver/Src/stm32f3xx_hal_tim.o
 .text.TIM_OC2_SetConfig
                0x0800347c      0x100 ./Drivers/STM32F3xx_HAL_Driver/Src/stm32f3xx_hal_tim.o
                0x0800347c                TIM_OC2_SetConfig
 .text.TIM_OC3_SetConfig
                0x0800357c       0xfc ./Drivers/STM32F3xx_HAL_Driver/Src/stm32f3xx_hal_tim.o
 .text.TIM_OC4_SetConfig
                0x08003678       0xc8 ./Drivers/STM32F3xx_HAL_Driver/Src/stm32f3xx_hal_tim.o
 .text.TIM_OC5_SetConfig
                0x08003740       0xbc ./Drivers/STM32F3xx_HAL_Driver/Src/stm32f3xx_hal_tim.o
 .text.TIM_OC6_SetConfig
                0x080037fc       0xc0 ./Drivers/STM32F3xx_HAL_Driver/Src/stm32f3xx_hal_tim.o
 .text.TIM_TI1_ConfigInputStage
                0x080038bc       0x5e ./Drivers/STM32F3xx_HAL_Driver/Src/stm32f3xx_hal_tim.o
 .text.TIM_TI2_ConfigInputStage
                0x0800391a       0x60 ./Drivers/STM32F3xx_HAL_Driver/Src/stm32f3xx_hal_tim.o
 .text.TIM_ITRx_SetConfig
                0x0800397a       0x36 ./Drivers/STM32F3xx_HAL_Driver/Src/stm32f3xx_hal_tim.o
 .text.TIM_ETR_SetConfig
                0x080039b0       0x40 ./Drivers/STM32F3xx_HAL_Driver/Src/stm32f3xx_hal_tim.o
                0x080039b0                TIM_ETR_SetConfig
 .text.TIM_CCxChannelCmd
                0x080039f0       0x4a ./Drivers/STM32F3xx_HAL_Driver/Src/stm32f3xx_hal_tim.o
                0x080039f0                TIM_CCxChannelCmd
 *fill*         0x08003a3a        0x2 
 .text.HAL_TIMEx_MasterConfigSynchronization
                0x08003a3c       0xdc ./Drivers/STM32F3xx_HAL_Driver/Src/stm32f3xx_hal_tim_ex.o
                0x08003a3c                HAL_TIMEx_MasterConfigSynchronization
 .text.HAL_UART_Init
                0x08003b18       0x9c ./Drivers/STM32F3xx_HAL_Driver/Src/stm32f3xx_hal_uart.o
                0x08003b18                HAL_UART_Init
 .text.UART_SetConfig
                0x08003bb4      0x26c ./Drivers/STM32F3xx_HAL_Driver/Src/stm32f3xx_hal_uart.o
                0x08003bb4                UART_SetConfig
 .text.UART_AdvFeatureConfig
                0x08003e20      0x144 ./Drivers/STM32F3xx_HAL_Driver/Src/stm32f3xx_hal_uart.o
                0x08003e20                UART_AdvFeatureConfig
 .text.UART_CheckIdleState
                0x08003f64      0x150 ./Drivers/STM32F3xx_HAL_Driver/Src/stm32f3xx_hal_uart.o
                0x08003f64                UART_CheckIdleState
 .text.UART_WaitOnFlagUntilTimeout
                0x080040b4       0xda ./Drivers/STM32F3xx_HAL_Driver/Src/stm32f3xx_hal_uart.o
                0x080040b4                UART_WaitOnFlagUntilTimeout
 .text.UART_EndRxTransfer
                0x0800418e       0xc8 ./Drivers/STM32F3xx_HAL_Driver/Src/stm32f3xx_hal_uart.o
 .text.memset   0x08004256       0x10 /Applications/STM32CubeIDE.app/Contents/Eclipse/plugins/com.st.stm32cube.ide.mcu.externaltools.gnu-tools-for-stm32.12.3.rel1.macos64_1.0.100.202403111906/tools/bin/../lib/gcc/arm-none-eabi/12.3.1/../../../../arm-none-eabi/lib/thumb/v7e-m+fp/hard/libc_nano.a(libc_a-memset.o)
                0x08004256                memset
 *fill*         0x08004266        0x2 
 .text.__libc_init_array
                0x08004268       0x48 /Applications/STM32CubeIDE.app/Contents/Eclipse/plugins/com.st.stm32cube.ide.mcu.externaltools.gnu-tools-for-stm32.12.3.rel1.macos64_1.0.100.202403111906/tools/bin/../lib/gcc/arm-none-eabi/12.3.1/../../../../arm-none-eabi/lib/thumb/v7e-m+fp/hard/libc_nano.a(libc_a-init.o)
                0x08004268                __libc_init_array
 *(.glue_7)
 .glue_7        0x080042b0        0x0 linker stubs
 *(.glue_7t)
 .glue_7t       0x080042b0        0x0 linker stubs
 *(.eh_frame)
 .eh_frame      0x080042b0        0x0 /Applications/STM32CubeIDE.app/Contents/Eclipse/plugins/com.st.stm32cube.ide.mcu.externaltools.gnu-tools-for-stm32.12.3.rel1.macos64_1.0.100.202403111906/tools/bin/../lib/gcc/arm-none-eabi/12.3.1/thumb/v7e-m+fp/hard/crtbegin.o
 *(.init)
 .init          0x080042b0        0x4 /Applications/STM32CubeIDE.app/Contents/Eclipse/plugins/com.st.stm32cube.ide.mcu.externaltools.gnu-tools-for-stm32.12.3.rel1.macos64_1.0.100.202403111906/tools/bin/../lib/gcc/arm-none-eabi/12.3.1/thumb/v7e-m+fp/hard/crti.o
                0x080042b0                _init
 .init          0x080042b4        0x8 /Applications/STM32CubeIDE.app/Contents/Eclipse/plugins/com.st.stm32cube.ide.mcu.externaltools.gnu-tools-for-stm32.12.3.rel1.macos64_1.0.100.202403111906/tools/bin/../lib/gcc/arm-none-eabi/12.3.1/thumb/v7e-m+fp/hard/crtn.o
 *(.fini)
 .fini          0x080042bc        0x4 /Applications/STM32CubeIDE.app/Contents/Eclipse/plugins/com.st.stm32cube.ide.mcu.externaltools.gnu-tools-for-stm32.12.3.rel1.macos64_1.0.100.202403111906/tools/bin/../lib/gcc/arm-none-eabi/12.3.1/thumb/v7e-m+fp/hard/crti.o
                0x080042bc                _fini
 .fini          0x080042c0        0x8 /Applications/STM32CubeIDE.app/Contents/Eclipse/plugins/com.st.stm32cube.ide.mcu.externaltools.gnu-tools-for-stm32.12.3.rel1.macos64_1.0.100.202403111906/tools/bin/../lib/gcc/arm-none-eabi/12.3.1/thumb/v7e-m+fp/hard/crtn.o
                0x080042c8                        . = ALIGN (0x4)
                0x080042c8                        _etext = .

.vfp11_veneer   0x080042c8        0x0
 .vfp11_veneer  0x080042c8        0x0 linker stubs

.v4_bx          0x080042c8        0x0
 .v4_bx         0x080042c8        0x0 linker stubs

.iplt           0x080042c8        0x0
 .iplt          0x080042c8        0x0 /Applications/STM32CubeIDE.app/Contents/Eclipse/plugins/com.st.stm32cube.ide.mcu.externaltools.gnu-tools-for-stm32.12.3.rel1.macos64_1.0.100.202403111906/tools/bin/../lib/gcc/arm-none-eabi/12.3.1/thumb/v7e-m+fp/hard/crtbegin.o

.rodata         0x080042c8       0x38
                0x080042c8                        . = ALIGN (0x4)
 *(.rodata)
 *(.rodata*)
 .rodata.AHBPrescTable
                0x080042c8       0x10 ./Core/Src/system_stm32f3xx.o
                0x080042c8                AHBPrescTable
 .rodata.APBPrescTable
                0x080042d8        0x8 ./Core/Src/system_stm32f3xx.o
                0x080042d8                APBPrescTable
 .rodata.aPLLMULFactorTable
                0x080042e0       0x10 ./Drivers/STM32F3xx_HAL_Driver/Src/stm32f3xx_hal_rcc.o
 .rodata.aPredivFactorTable
                0x080042f0       0x10 ./Drivers/STM32F3xx_HAL_Driver/Src/stm32f3xx_hal_rcc.o
                0x08004300                        . = ALIGN (0x4)

.ARM.extab      0x08004300        0x0
                0x08004300                        . = ALIGN (0x4)
 *(.ARM.extab* .gnu.linkonce.armextab.*)
                0x08004300                        . = ALIGN (0x4)

.ARM            0x08004300        0x0
                0x08004300                        . = ALIGN (0x4)
                0x08004300                        __exidx_start = .
 *(.ARM.exidx*)
                0x08004300                        __exidx_end = .
                0x08004300                        . = ALIGN (0x4)

.preinit_array  0x08004300        0x0
                0x08004300                        . = ALIGN (0x4)
                0x08004300                        PROVIDE (__preinit_array_start = .)
 *(.preinit_array*)
                0x08004300                        PROVIDE (__preinit_array_end = .)
                0x08004300                        . = ALIGN (0x4)

.init_array     0x08004300        0x4
                0x08004300                        . = ALIGN (0x4)
                0x08004300                        PROVIDE (__init_array_start = .)
 *(SORT_BY_NAME(.init_array.*))
 *(.init_array*)
 .init_array    0x08004300        0x4 /Applications/STM32CubeIDE.app/Contents/Eclipse/plugins/com.st.stm32cube.ide.mcu.externaltools.gnu-tools-for-stm32.12.3.rel1.macos64_1.0.100.202403111906/tools/bin/../lib/gcc/arm-none-eabi/12.3.1/thumb/v7e-m+fp/hard/crtbegin.o
                0x08004304                        PROVIDE (__init_array_end = .)
                0x08004304                        . = ALIGN (0x4)

.fini_array     0x08004304        0x4
                0x08004304                        . = ALIGN (0x4)
                [!provide]                        PROVIDE (__fini_array_start = .)
 *(SORT_BY_NAME(.fini_array.*))
 *(.fini_array*)
 .fini_array    0x08004304        0x4 /Applications/STM32CubeIDE.app/Contents/Eclipse/plugins/com.st.stm32cube.ide.mcu.externaltools.gnu-tools-for-stm32.12.3.rel1.macos64_1.0.100.202403111906/tools/bin/../lib/gcc/arm-none-eabi/12.3.1/thumb/v7e-m+fp/hard/crtbegin.o
                [!provide]                        PROVIDE (__fini_array_end = .)
                0x08004308                        . = ALIGN (0x4)
                0x08004308                        _sidata = LOADADDR (.data)

.rel.dyn        0x08004308        0x0
 .rel.iplt      0x08004308        0x0 /Applications/STM32CubeIDE.app/Contents/Eclipse/plugins/com.st.stm32cube.ide.mcu.externaltools.gnu-tools-for-stm32.12.3.rel1.macos64_1.0.100.202403111906/tools/bin/../lib/gcc/arm-none-eabi/12.3.1/thumb/v7e-m+fp/hard/crtbegin.o

.data           0x20000000        0xc load address 0x08004308
                0x20000000                        . = ALIGN (0x4)
                0x20000000                        _sdata = .
 *(.data)
 *(.data*)
 .data.SystemCoreClock
                0x20000000        0x4 ./Core/Src/system_stm32f3xx.o
                0x20000000                SystemCoreClock
 .data.uwTickPrio
                0x20000004        0x4 ./Drivers/STM32F3xx_HAL_Driver/Src/stm32f3xx_hal.o
                0x20000004                uwTickPrio
 .data.uwTickFreq
                0x20000008        0x1 ./Drivers/STM32F3xx_HAL_Driver/Src/stm32f3xx_hal.o
                0x20000008                uwTickFreq
 *(.RamFunc)
 *(.RamFunc*)
                0x2000000c                        . = ALIGN (0x4)
 *fill*         0x20000009        0x3 
                0x2000000c                        _edata = .
                0x08004314                        _siccmram = LOADADDR (.ccmram)

.igot.plt       0x2000000c        0x0 load address 0x08004314
 .igot.plt      0x2000000c        0x0 /Applications/STM32CubeIDE.app/Contents/Eclipse/plugins/com.st.stm32cube.ide.mcu.externaltools.gnu-tools-for-stm32.12.3.rel1.macos64_1.0.100.202403111906/tools/bin/../lib/gcc/arm-none-eabi/12.3.1/thumb/v7e-m+fp/hard/crtbegin.o

.ccmram         0x10000000        0x0 load address 0x08004314
                0x10000000                        . = ALIGN (0x4)
                0x10000000                        _sccmram = .
 *(.ccmram)
 *(.ccmram*)
                0x10000000                        . = ALIGN (0x4)
                0x10000000                        _eccmram = .
                0x10000000                        . = ALIGN (0x4)

.bss            0x2000000c      0xcdc
                0x2000000c                        _sbss = .
                0x2000000c                        __bss_start__ = _sbss
 *(.bss)
 .bss           0x2000000c       0x1c /Applications/STM32CubeIDE.app/Contents/Eclipse/plugins/com.st.stm32cube.ide.mcu.externaltools.gnu-tools-for-stm32.12.3.rel1.macos64_1.0.100.202403111906/tools/bin/../lib/gcc/arm-none-eabi/12.3.1/thumb/v7e-m+fp/hard/crtbegin.o
 *(.bss*)
 .bss.pwm_data_stream
                0x20000028      0xba4 ./Core/Src/led.o
                0x20000028                pwm_data_stream
 .bss.htim3     0x20000bcc       0x4c ./Core/Src/main.o
                0x20000bcc                htim3
 .bss.hdma_tim3_ch1_trig
                0x20000c18       0x44 ./Core/Src/main.o
                0x20000c18                hdma_tim3_ch1_trig
 .bss.huart2    0x20000c5c       0x88 ./Core/Src/main.o
                0x20000c5c                huart2
 .bss.uwTick    0x20000ce4        0x4 ./Drivers/STM32F3xx_HAL_Driver/Src/stm32f3xx_hal.o
                0x20000ce4                uwTick
 *(COMMON)
                0x20000ce8                        . = ALIGN (0x4)
                0x20000ce8                        _ebss = .
                0x20000ce8                        __bss_end__ = _ebss

._user_heap_stack
                0x20000ce8      0x600
                0x20000ce8                        . = ALIGN (0x8)
                [!provide]                        PROVIDE (end = .)
                0x20000ce8                        PROVIDE (_end = .)
                0x20000ee8                        . = (. + _Min_Heap_Size)
 *fill*         0x20000ce8      0x200 
                0x200012e8                        . = (. + _Min_Stack_Size)
 *fill*         0x20000ee8      0x400 
                0x200012e8                        . = ALIGN (0x8)

/DISCARD/
 libc.a(*)
 libm.a(*)
 libgcc.a(*)

.ARM.attributes
                0x00000000       0x30
 *(.ARM.attributes)
 .ARM.attributes
                0x00000000       0x22 /Applications/STM32CubeIDE.app/Contents/Eclipse/plugins/com.st.stm32cube.ide.mcu.externaltools.gnu-tools-for-stm32.12.3.rel1.macos64_1.0.100.202403111906/tools/bin/../lib/gcc/arm-none-eabi/12.3.1/thumb/v7e-m+fp/hard/crti.o
 .ARM.attributes
                0x00000022       0x34 /Applications/STM32CubeIDE.app/Contents/Eclipse/plugins/com.st.stm32cube.ide.mcu.externaltools.gnu-tools-for-stm32.12.3.rel1.macos64_1.0.100.202403111906/tools/bin/../lib/gcc/arm-none-eabi/12.3.1/thumb/v7e-m+fp/hard/crtbegin.o
 .ARM.attributes
                0x00000056       0x34 ./Core/Src/led.o
 .ARM.attributes
                0x0000008a       0x34 ./Core/Src/main.o
 .ARM.attributes
                0x000000be       0x34 ./Core/Src/stm32f3xx_hal_msp.o
 .ARM.attributes
                0x000000f2       0x34 ./Core/Src/stm32f3xx_it.o
 .ARM.attributes
                0x00000126       0x34 ./Core/Src/system_stm32f3xx.o
 .ARM.attributes
                0x0000015a       0x21 ./Core/Startup/startup_stm32f303k8tx.o
 .ARM.attributes
                0x0000017b       0x34 ./Drivers/STM32F3xx_HAL_Driver/Src/stm32f3xx_hal.o
 .ARM.attributes
                0x000001af       0x34 ./Drivers/STM32F3xx_HAL_Driver/Src/stm32f3xx_hal_cortex.o
 .ARM.attributes
                0x000001e3       0x34 ./Drivers/STM32F3xx_HAL_Driver/Src/stm32f3xx_hal_dma.o
 .ARM.attributes
                0x00000217       0x34 ./Drivers/STM32F3xx_HAL_Driver/Src/stm32f3xx_hal_gpio.o
 .ARM.attributes
                0x0000024b       0x34 ./Drivers/STM32F3xx_HAL_Driver/Src/stm32f3xx_hal_rcc.o
 .ARM.attributes
                0x0000027f       0x34 ./Drivers/STM32F3xx_HAL_Driver/Src/stm32f3xx_hal_tim.o
 .ARM.attributes
                0x000002b3       0x34 ./Drivers/STM32F3xx_HAL_Driver/Src/stm32f3xx_hal_tim_ex.o
 .ARM.attributes
                0x000002e7       0x34 ./Drivers/STM32F3xx_HAL_Driver/Src/stm32f3xx_hal_uart.o
 .ARM.attributes
                0x0000031b       0x34 /Applications/STM32CubeIDE.app/Contents/Eclipse/plugins/com.st.stm32cube.ide.mcu.externaltools.gnu-tools-for-stm32.12.3.rel1.macos64_1.0.100.202403111906/tools/bin/../lib/gcc/arm-none-eabi/12.3.1/../../../../arm-none-eabi/lib/thumb/v7e-m+fp/hard/libc_nano.a(libc_a-memset.o)
 .ARM.attributes
                0x0000034f       0x34 /Applications/STM32CubeIDE.app/Contents/Eclipse/plugins/com.st.stm32cube.ide.mcu.externaltools.gnu-tools-for-stm32.12.3.rel1.macos64_1.0.100.202403111906/tools/bin/../lib/gcc/arm-none-eabi/12.3.1/../../../../arm-none-eabi/lib/thumb/v7e-m+fp/hard/libc_nano.a(libc_a-init.o)
 .ARM.attributes
                0x00000383       0x22 /Applications/STM32CubeIDE.app/Contents/Eclipse/plugins/com.st.stm32cube.ide.mcu.externaltools.gnu-tools-for-stm32.12.3.rel1.macos64_1.0.100.202403111906/tools/bin/../lib/gcc/arm-none-eabi/12.3.1/thumb/v7e-m+fp/hard/crtn.o
OUTPUT(WS2812B_Controller.elf elf32-littlearm)
LOAD linker stubs
LOAD /Applications/STM32CubeIDE.app/Contents/Eclipse/plugins/com.st.stm32cube.ide.mcu.externaltools.gnu-tools-for-stm32.12.3.rel1.macos64_1.0.100.202403111906/tools/bin/../lib/gcc/arm-none-eabi/12.3.1/../../../../arm-none-eabi/lib/thumb/v7e-m+fp/hard/libc.a
LOAD /Applications/STM32CubeIDE.app/Contents/Eclipse/plugins/com.st.stm32cube.ide.mcu.externaltools.gnu-tools-for-stm32.12.3.rel1.macos64_1.0.100.202403111906/tools/bin/../lib/gcc/arm-none-eabi/12.3.1/../../../../arm-none-eabi/lib/thumb/v7e-m+fp/hard/libm.a
LOAD /Applications/STM32CubeIDE.app/Contents/Eclipse/plugins/com.st.stm32cube.ide.mcu.externaltools.gnu-tools-for-stm32.12.3.rel1.macos64_1.0.100.202403111906/tools/bin/../lib/gcc/arm-none-eabi/12.3.1/thumb/v7e-m+fp/hard/libgcc.a

.debug_info     0x00000000     0xd604
 .debug_info    0x00000000      0x230 ./Core/Src/led.o
 .debug_info    0x00000230     0x1156 ./Core/Src/main.o
 .debug_info    0x00001386      0xd87 ./Core/Src/stm32f3xx_hal_msp.o
 .debug_info    0x0000210d      0x359 ./Core/Src/stm32f3xx_it.o
 .debug_info    0x00002466      0x407 ./Core/Src/system_stm32f3xx.o
 .debug_info    0x0000286d       0x30 ./Core/Startup/startup_stm32f303k8tx.o
 .debug_info    0x0000289d      0x74a ./Drivers/STM32F3xx_HAL_Driver/Src/stm32f3xx_hal.o
 .debug_info    0x00002fe7      0xa87 ./Drivers/STM32F3xx_HAL_Driver/Src/stm32f3xx_hal_cortex.o
 .debug_info    0x00003a6e      0x6e1 ./Drivers/STM32F3xx_HAL_Driver/Src/stm32f3xx_hal_dma.o
 .debug_info    0x0000414f      0x6a6 ./Drivers/STM32F3xx_HAL_Driver/Src/stm32f3xx_hal_gpio.o
 .debug_info    0x000047f5     0x148a ./Drivers/STM32F3xx_HAL_Driver/Src/stm32f3xx_hal_rcc.o
 .debug_info    0x00005c7f     0x2a70 ./Drivers/STM32F3xx_HAL_Driver/Src/stm32f3xx_hal_tim.o
 .debug_info    0x000086ef     0x156d ./Drivers/STM32F3xx_HAL_Driver/Src/stm32f3xx_hal_tim_ex.o
 .debug_info    0x00009c5c     0x39a8 ./Drivers/STM32F3xx_HAL_Driver/Src/stm32f3xx_hal_uart.o

.debug_abbrev   0x00000000     0x1c1d
 .debug_abbrev  0x00000000      0x116 ./Core/Src/led.o
 .debug_abbrev  0x00000116      0x2ae ./Core/Src/main.o
 .debug_abbrev  0x000003c4      0x1fd ./Core/Src/stm32f3xx_hal_msp.o
 .debug_abbrev  0x000005c1      0x16e ./Core/Src/stm32f3xx_it.o
 .debug_abbrev  0x0000072f      0x11a ./Core/Src/system_stm32f3xx.o
 .debug_abbrev  0x00000849       0x24 ./Core/Startup/startup_stm32f303k8tx.o
 .debug_abbrev  0x0000086d      0x215 ./Drivers/STM32F3xx_HAL_Driver/Src/stm32f3xx_hal.o
 .debug_abbrev  0x00000a82      0x2f8 ./Drivers/STM32F3xx_HAL_Driver/Src/stm32f3xx_hal_cortex.o
 .debug_abbrev  0x00000d7a      0x20d ./Drivers/STM32F3xx_HAL_Driver/Src/stm32f3xx_hal_dma.o
 .debug_abbrev  0x00000f87      0x1ca ./Drivers/STM32F3xx_HAL_Driver/Src/stm32f3xx_hal_gpio.o
 .debug_abbrev  0x00001151      0x300 ./Drivers/STM32F3xx_HAL_Driver/Src/stm32f3xx_hal_rcc.o
 .debug_abbrev  0x00001451      0x278 ./Drivers/STM32F3xx_HAL_Driver/Src/stm32f3xx_hal_tim.o
 .debug_abbrev  0x000016c9      0x283 ./Drivers/STM32F3xx_HAL_Driver/Src/stm32f3xx_hal_tim_ex.o
 .debug_abbrev  0x0000194c      0x2d1 ./Drivers/STM32F3xx_HAL_Driver/Src/stm32f3xx_hal_uart.o

.debug_aranges  0x00000000      0xc48
 .debug_aranges
                0x00000000       0x30 ./Core/Src/led.o
 .debug_aranges
                0x00000030       0x50 ./Core/Src/main.o
 .debug_aranges
                0x00000080       0x48 ./Core/Src/stm32f3xx_hal_msp.o
 .debug_aranges
                0x000000c8       0x68 ./Core/Src/stm32f3xx_it.o
 .debug_aranges
                0x00000130       0x28 ./Core/Src/system_stm32f3xx.o
 .debug_aranges
                0x00000158       0x28 ./Core/Startup/startup_stm32f303k8tx.o
 .debug_aranges
                0x00000180       0xe0 ./Drivers/STM32F3xx_HAL_Driver/Src/stm32f3xx_hal.o
 .debug_aranges
                0x00000260      0x100 ./Drivers/STM32F3xx_HAL_Driver/Src/stm32f3xx_hal_cortex.o
 .debug_aranges
                0x00000360       0x88 ./Drivers/STM32F3xx_HAL_Driver/Src/stm32f3xx_hal_dma.o
 .debug_aranges
                0x000003e8       0x58 ./Drivers/STM32F3xx_HAL_Driver/Src/stm32f3xx_hal_gpio.o
 .debug_aranges
                0x00000440       0x88 ./Drivers/STM32F3xx_HAL_Driver/Src/stm32f3xx_hal_rcc.o
 .debug_aranges
                0x000004c8      0x3e0 ./Drivers/STM32F3xx_HAL_Driver/Src/stm32f3xx_hal_tim.o
 .debug_aranges
                0x000008a8      0x178 ./Drivers/STM32F3xx_HAL_Driver/Src/stm32f3xx_hal_tim_ex.o
 .debug_aranges
                0x00000a20      0x228 ./Drivers/STM32F3xx_HAL_Driver/Src/stm32f3xx_hal_uart.o

.debug_rnglists
                0x00000000      0x9a8
 .debug_rnglists
                0x00000000       0x21 ./Core/Src/led.o
 .debug_rnglists
                0x00000021       0x39 ./Core/Src/main.o
 .debug_rnglists
                0x0000005a       0x33 ./Core/Src/stm32f3xx_hal_msp.o
 .debug_rnglists
                0x0000008d       0x49 ./Core/Src/stm32f3xx_it.o
 .debug_rnglists
                0x000000d6       0x1a ./Core/Src/system_stm32f3xx.o
 .debug_rnglists
                0x000000f0       0x19 ./Core/Startup/startup_stm32f303k8tx.o
 .debug_rnglists
                0x00000109       0xa3 ./Drivers/STM32F3xx_HAL_Driver/Src/stm32f3xx_hal.o
 .debug_rnglists
                0x000001ac       0xbb ./Drivers/STM32F3xx_HAL_Driver/Src/stm32f3xx_hal_cortex.o
 .debug_rnglists
                0x00000267       0x69 ./Drivers/STM32F3xx_HAL_Driver/Src/stm32f3xx_hal_dma.o
 .debug_rnglists
                0x000002d0       0x3f ./Drivers/STM32F3xx_HAL_Driver/Src/stm32f3xx_hal_gpio.o
 .debug_rnglists
                0x0000030f       0x66 ./Drivers/STM32F3xx_HAL_Driver/Src/stm32f3xx_hal_rcc.o
 .debug_rnglists
                0x00000375      0x328 ./Drivers/STM32F3xx_HAL_Driver/Src/stm32f3xx_hal_tim.o
 .debug_rnglists
                0x0000069d      0x131 ./Drivers/STM32F3xx_HAL_Driver/Src/stm32f3xx_hal_tim_ex.o
 .debug_rnglists
                0x000007ce      0x1da ./Drivers/STM32F3xx_HAL_Driver/Src/stm32f3xx_hal_uart.o

.debug_macro    0x00000000    0x1a9fd
 .debug_macro   0x00000000      0x1e7 ./Core/Src/led.o
 .debug_macro   0x000001e7      0xab4 ./Core/Src/led.o
 .debug_macro   0x00000c9b      0x157 ./Core/Src/led.o
 .debug_macro   0x00000df2       0x2e ./Core/Src/led.o
 .debug_macro   0x00000e20       0x28 ./Core/Src/led.o
 .debug_macro   0x00000e48       0x22 ./Core/Src/led.o
 .debug_macro   0x00000e6a       0x8e ./Core/Src/led.o
 .debug_macro   0x00000ef8       0x51 ./Core/Src/led.o
 .debug_macro   0x00000f49      0x103 ./Core/Src/led.o
 .debug_macro   0x0000104c       0x6a ./Core/Src/led.o
 .debug_macro   0x000010b6      0x1df ./Core/Src/led.o
 .debug_macro   0x00001295       0x1c ./Core/Src/led.o
 .debug_macro   0x000012b1       0x22 ./Core/Src/led.o
 .debug_macro   0x000012d3       0xd9 ./Core/Src/led.o
 .debug_macro   0x000013ac      0xf07 ./Core/Src/led.o
 .debug_macro   0x000022b3    0x10be0 ./Core/Src/led.o
 .debug_macro   0x00012e93       0x6d ./Core/Src/led.o
 .debug_macro   0x00012f00     0x3574 ./Core/Src/led.o
 .debug_macro   0x00016474      0x189 ./Core/Src/led.o
 .debug_macro   0x000165fd       0x55 ./Core/Src/led.o
 .debug_macro   0x00016652      0x8f8 ./Core/Src/led.o
 .debug_macro   0x00016f4a      0x304 ./Core/Src/led.o
 .debug_macro   0x0001724e      0x1b5 ./Core/Src/led.o
 .debug_macro   0x00017403      0x11b ./Core/Src/led.o
 .debug_macro   0x0001751e      0x1d5 ./Core/Src/led.o
 .debug_macro   0x000176f3      0x1bc ./Core/Src/led.o
 .debug_macro   0x000178af       0x34 ./Core/Src/led.o
 .debug_macro   0x000178e3       0x3c ./Core/Src/led.o
 .debug_macro   0x0001791f       0x57 ./Core/Src/led.o
 .debug_macro   0x00017976       0xc5 ./Core/Src/led.o
 .debug_macro   0x00017a3b      0x19f ./Core/Src/led.o
 .debug_macro   0x00017bda      0x22c ./Core/Src/led.o
 .debug_macro   0x00017e06       0x5b ./Core/Src/led.o
 .debug_macro   0x00017e61       0xa5 ./Core/Src/led.o
 .debug_macro   0x00017f06       0x81 ./Core/Src/led.o
 .debug_macro   0x00017f87       0xd3 ./Core/Src/led.o
 .debug_macro   0x0001805a      0xa60 ./Core/Src/led.o
 .debug_macro   0x00018aba       0x59 ./Core/Src/led.o
 .debug_macro   0x00018b13      0x5ba ./Core/Src/led.o
 .debug_macro   0x000190cd       0x44 ./Core/Src/led.o
 .debug_macro   0x00019111      0x285 ./Core/Src/led.o
 .debug_macro   0x00019396       0x4c ./Core/Src/led.o
 .debug_macro   0x000193e2       0x28 ./Core/Src/led.o
 .debug_macro   0x0001940a      0x1e7 ./Core/Src/main.o
 .debug_macro   0x000195f1      0x1d4 ./Core/Src/stm32f3xx_hal_msp.o
 .debug_macro   0x000197c5      0x1de ./Core/Src/stm32f3xx_it.o
 .debug_macro   0x000199a3      0x1c5 ./Core/Src/system_stm32f3xx.o
 .debug_macro   0x00019b68      0x1e9 ./Drivers/STM32F3xx_HAL_Driver/Src/stm32f3xx_hal.o
 .debug_macro   0x00019d51      0x1c5 ./Drivers/STM32F3xx_HAL_Driver/Src/stm32f3xx_hal_cortex.o
 .debug_macro   0x00019f16      0x1c5 ./Drivers/STM32F3xx_HAL_Driver/Src/stm32f3xx_hal_dma.o
 .debug_macro   0x0001a0db      0x1cc ./Drivers/STM32F3xx_HAL_Driver/Src/stm32f3xx_hal_gpio.o
 .debug_macro   0x0001a2a7      0x1e9 ./Drivers/STM32F3xx_HAL_Driver/Src/stm32f3xx_hal_rcc.o
 .debug_macro   0x0001a490      0x1c6 ./Drivers/STM32F3xx_HAL_Driver/Src/stm32f3xx_hal_tim.o
 .debug_macro   0x0001a656      0x1c5 ./Drivers/STM32F3xx_HAL_Driver/Src/stm32f3xx_hal_tim_ex.o
 .debug_macro   0x0001a81b      0x1e2 ./Drivers/STM32F3xx_HAL_Driver/Src/stm32f3xx_hal_uart.o

.debug_line     0x00000000     0xef96
 .debug_line    0x00000000      0x80b ./Core/Src/led.o
 .debug_line    0x0000080b      0x86e ./Core/Src/main.o
 .debug_line    0x00001079      0x7d9 ./Core/Src/stm32f3xx_hal_msp.o
 .debug_line    0x00001852      0x7da ./Core/Src/stm32f3xx_it.o
 .debug_line    0x0000202c      0x779 ./Core/Src/system_stm32f3xx.o
 .debug_line    0x000027a5       0x7a ./Core/Startup/startup_stm32f303k8tx.o
 .debug_line    0x0000281f      0x9b1 ./Drivers/STM32F3xx_HAL_Driver/Src/stm32f3xx_hal.o
 .debug_line    0x000031d0      0xb97 ./Drivers/STM32F3xx_HAL_Driver/Src/stm32f3xx_hal_cortex.o
 .debug_line    0x00003d67      0xc9b ./Drivers/STM32F3xx_HAL_Driver/Src/stm32f3xx_hal_dma.o
 .debug_line    0x00004a02      0xb14 ./Drivers/STM32F3xx_HAL_Driver/Src/stm32f3xx_hal_gpio.o
 .debug_line    0x00005516     0x1345 ./Drivers/STM32F3xx_HAL_Driver/Src/stm32f3xx_hal_rcc.o
 .debug_line    0x0000685b     0x3c8f ./Drivers/STM32F3xx_HAL_Driver/Src/stm32f3xx_hal_tim.o
 .debug_line    0x0000a4ea     0x1a1d ./Drivers/STM32F3xx_HAL_Driver/Src/stm32f3xx_hal_tim_ex.o
 .debug_line    0x0000bf07     0x308f ./Drivers/STM32F3xx_HAL_Driver/Src/stm32f3xx_hal_uart.o

.debug_str      0x00000000    0xa0d6d
 .debug_str     0x00000000    0x9d584 ./Core/Src/led.o
                              0x9d7ed (size before relaxing)
 .debug_str     0x0009d584      0xd28 ./Core/Src/main.o
                              0x9e641 (size before relaxing)
 .debug_str     0x0009e2ac      0x133 ./Core/Src/stm32f3xx_hal_msp.o
                              0x9e045 (size before relaxing)
 .debug_str     0x0009e3df       0xf5 ./Core/Src/stm32f3xx_it.o
                              0x9d9d1 (size before relaxing)
 .debug_str     0x0009e4d4       0xe9 ./Core/Src/system_stm32f3xx.o
                              0x9d72d (size before relaxing)
 .debug_str     0x0009e5bd       0x44 ./Core/Startup/startup_stm32f303k8tx.o
                                 0x82 (size before relaxing)
 .debug_str     0x0009e601      0x397 ./Drivers/STM32F3xx_HAL_Driver/Src/stm32f3xx_hal.o
                              0x9de1d (size before relaxing)
 .debug_str     0x0009e998      0x24a ./Drivers/STM32F3xx_HAL_Driver/Src/stm32f3xx_hal_cortex.o
                              0x9dd42 (size before relaxing)
 .debug_str     0x0009ebe2      0x219 ./Drivers/STM32F3xx_HAL_Driver/Src/stm32f3xx_hal_dma.o
                              0x9da75 (size before relaxing)
 .debug_str     0x0009edfb      0x1bb ./Drivers/STM32F3xx_HAL_Driver/Src/stm32f3xx_hal_gpio.o
                              0x9d90c (size before relaxing)
 .debug_str     0x0009efb6      0x2d1 ./Drivers/STM32F3xx_HAL_Driver/Src/stm32f3xx_hal_rcc.o
                              0x9dbcd (size before relaxing)
 .debug_str     0x0009f287      0xd9b ./Drivers/STM32F3xx_HAL_Driver/Src/stm32f3xx_hal_tim.o
                              0x9eb64 (size before relaxing)
 .debug_str     0x000a0022      0x4dc ./Drivers/STM32F3xx_HAL_Driver/Src/stm32f3xx_hal_tim_ex.o
                              0x9e3aa (size before relaxing)
 .debug_str     0x000a04fe      0x86f ./Drivers/STM32F3xx_HAL_Driver/Src/stm32f3xx_hal_uart.o
                              0x9e450 (size before relaxing)

.comment        0x00000000       0x43
 .comment       0x00000000       0x43 ./Core/Src/led.o
                                 0x44 (size before relaxing)
 .comment       0x00000043       0x44 ./Core/Src/main.o
 .comment       0x00000043       0x44 ./Core/Src/stm32f3xx_hal_msp.o
 .comment       0x00000043       0x44 ./Core/Src/stm32f3xx_it.o
 .comment       0x00000043       0x44 ./Core/Src/system_stm32f3xx.o
 .comment       0x00000043       0x44 ./Drivers/STM32F3xx_HAL_Driver/Src/stm32f3xx_hal.o
 .comment       0x00000043       0x44 ./Drivers/STM32F3xx_HAL_Driver/Src/stm32f3xx_hal_cortex.o
 .comment       0x00000043       0x44 ./Drivers/STM32F3xx_HAL_Driver/Src/stm32f3xx_hal_dma.o
 .comment       0x00000043       0x44 ./Drivers/STM32F3xx_HAL_Driver/Src/stm32f3xx_hal_gpio.o
 .comment       0x00000043       0x44 ./Drivers/STM32F3xx_HAL_Driver/Src/stm32f3xx_hal_rcc.o
 .comment       0x00000043       0x44 ./Drivers/STM32F3xx_HAL_Driver/Src/stm32f3xx_hal_tim.o
 .comment       0x00000043       0x44 ./Drivers/STM32F3xx_HAL_Driver/Src/stm32f3xx_hal_tim_ex.o
 .comment       0x00000043       0x44 ./Drivers/STM32F3xx_HAL_Driver/Src/stm32f3xx_hal_uart.o

.debug_frame    0x00000000     0x3394
 .debug_frame   0x00000000       0x88 ./Core/Src/led.o
 .debug_frame   0x00000088       0xf4 ./Core/Src/main.o
 .debug_frame   0x0000017c       0xec ./Core/Src/stm32f3xx_hal_msp.o
 .debug_frame   0x00000268      0x120 ./Core/Src/stm32f3xx_it.o
 .debug_frame   0x00000388       0x58 ./Core/Src/system_stm32f3xx.o
 .debug_frame   0x000003e0      0x334 ./Drivers/STM32F3xx_HAL_Driver/Src/stm32f3xx_hal.o
 .debug_frame   0x00000714      0x428 ./Drivers/STM32F3xx_HAL_Driver/Src/stm32f3xx_hal_cortex.o
 .debug_frame   0x00000b3c      0x224 ./Drivers/STM32F3xx_HAL_Driver/Src/stm32f3xx_hal_dma.o
 .debug_frame   0x00000d60      0x14c ./Drivers/STM32F3xx_HAL_Driver/Src/stm32f3xx_hal_gpio.o
 .debug_frame   0x00000eac      0x214 ./Drivers/STM32F3xx_HAL_Driver/Src/stm32f3xx_hal_rcc.o
 .debug_frame   0x000010c0     0x1218 ./Drivers/STM32F3xx_HAL_Driver/Src/stm32f3xx_hal_tim.o
 .debug_frame   0x000022d8      0x688 ./Drivers/STM32F3xx_HAL_Driver/Src/stm32f3xx_hal_tim_ex.o
 .debug_frame   0x00002960      0x9e8 ./Drivers/STM32F3xx_HAL_Driver/Src/stm32f3xx_hal_uart.o
 .debug_frame   0x00003348       0x20 /Applications/STM32CubeIDE.app/Contents/Eclipse/plugins/com.st.stm32cube.ide.mcu.externaltools.gnu-tools-for-stm32.12.3.rel1.macos64_1.0.100.202403111906/tools/bin/../lib/gcc/arm-none-eabi/12.3.1/../../../../arm-none-eabi/lib/thumb/v7e-m+fp/hard/libc_nano.a(libc_a-memset.o)
 .debug_frame   0x00003368       0x2c /Applications/STM32CubeIDE.app/Contents/Eclipse/plugins/com.st.stm32cube.ide.mcu.externaltools.gnu-tools-for-stm32.12.3.rel1.macos64_1.0.100.202403111906/tools/bin/../lib/gcc/arm-none-eabi/12.3.1/../../../../arm-none-eabi/lib/thumb/v7e-m+fp/hard/libc_nano.a(libc_a-init.o)

.debug_line_str
                0x00000000       0x66
 .debug_line_str
                0x00000000       0x66 ./Core/Startup/startup_stm32f303k8tx.o
